ERC report (2026-06-11T02:45:45+0530, Encoding UTF8)
Report includes: Errors, Warnings, Exclusions

***** Sheet /
[unannotated]: Item not annotated: BT?
    ; error
    @(2000 mils, 2000 mils): Symbol BT? [Conn_01x02_Pin]
[duplicate_reference]: Duplicate items C?

    ; error
    @(3000 mils, 2000 mils): Symbol C? [C]
    @(5000 mils, 1000 mils): Symbol C? [C]
[duplicate_reference]: Duplicate items U?

    ; error
    @(4000 mils, 1000 mils): Symbol U? [Conn_01x03_Pin]
    @(4000 mils, 2000 mils): Symbol U? [Conn_01x03_Pin]
[duplicate_reference]: Duplicate items U?

    ; error
    @(4000 mils, 2000 mils): Symbol U? [Conn_01x03_Pin]
    @(4000 mils, 5000 mils): Symbol U? [Conn_01x03_Pin]
[duplicate_reference]: Duplicate items U?

    ; error
    @(4000 mils, 3000 mils): Symbol U? [Conn_01x03_Pin]
    @(4000 mils, 4000 mils): Symbol U? [Conn_01x03_Pin]
[duplicate_reference]: Duplicate items C?

    ; error
    @(5000 mils, 1000 mils): Symbol C? [C]
    @(5000 mils, 2000 mils): Symbol C? [C]
[duplicate_reference]: Duplicate items C?

    ; error
    @(5000 mils, 2000 mils): Symbol C? [C]
    @(5000 mils, 3000 mils): Symbol C? [C]
[duplicate_reference]: Duplicate items J?

    ; error
    @(5500 mils, 1000 mils): Symbol J? [Conn_01x02_Pin]
    @(5500 mils, 2000 mils): Symbol J? [Conn_01x02_Pin]
[duplicate_reference]: Duplicate items C?

    ; error
    @(5000 mils, 3000 mils): Symbol C? [C]
    @(5000 mils, 4000 mils): Symbol C? [C]
[duplicate_reference]: Duplicate items J?

    ; error
    @(5500 mils, 2000 mils): Symbol J? [Conn_01x02_Pin]
    @(5500 mils, 3000 mils): Symbol J? [Conn_01x02_Pin]
[duplicate_reference]: Duplicate items J?

    ; error
    @(5500 mils, 3000 mils): Symbol J? [Conn_01x02_Pin]
    @(5500 mils, 4000 mils): Symbol J? [Conn_01x02_Pin]
[duplicate_reference]: Duplicate items C?

    ; error
    @(5000 mils, 4000 mils): Symbol C? [C]
    @(5000 mils, 5000 mils): Symbol C? [C]
[duplicate_reference]: Duplicate items J?

    ; error
    @(5500 mils, 4000 mils): Symbol J? [Conn_01x02_Pin]
    @(5500 mils, 5000 mils): Symbol J? [Conn_01x02_Pin]
[duplicate_reference]: Duplicate items C?

    ; error
    @(5000 mils, 5000 mils): Symbol C? [C]
    @(5000 mils, 6000 mils): Symbol C? [C]
[duplicate_reference]: Duplicate items U?

    ; error
    @(4000 mils, 6000 mils): Symbol U? [Conn_01x03_Pin]
    @(4000 mils, 7000 mils): Symbol U? [Conn_01x03_Pin]
[duplicate_reference]: Duplicate items J?

    ; error
    @(5500 mils, 5000 mils): Symbol J? [Conn_01x02_Pin]
    @(5500 mils, 6000 mils): Symbol J? [Conn_01x02_Pin]
[duplicate_reference]: Duplicate items C?

    ; error
    @(5000 mils, 6000 mils): Symbol C? [C]
    @(5000 mils, 7000 mils): Symbol C? [C]
[duplicate_reference]: Duplicate items U?

    ; error
    @(4000 mils, 7000 mils): Symbol U? [Conn_01x03_Pin]
    @(4000 mils, 3000 mils): Symbol U? [Conn_01x03_Pin]
[duplicate_reference]: Duplicate items J?

    ; error
    @(5500 mils, 6000 mils): Symbol J? [Conn_01x02_Pin]
    @(5500 mils, 7000 mils): Symbol J? [Conn_01x02_Pin]
[label_multiple_wires]: Label connects more than one wire at 1447800, 279400
    ; warning
    @(5700 mils, 1100 mils): Label 'GND'
    @(3700 mils, 1100 mils): Horizontal Wire, length 500 mils
[label_multiple_wires]: Label connects more than one wire at 1447800, 533400
    ; warning
    @(5700 mils, 2100 mils): Label 'GND'
    @(4200 mils, 2100 mils): Horizontal Wire, length 800 mils
[label_multiple_wires]: Label connects more than one wire at 1447800, 787400
    ; warning
    @(5700 mils, 3100 mils): Label 'GND'
    @(3700 mils, 3100 mils): Horizontal Wire, length 500 mils
[label_multiple_wires]: Label connects more than one wire at 1447800, 1041400
    ; warning
    @(5700 mils, 4100 mils): Label 'GND'
    @(3700 mils, 4100 mils): Horizontal Wire, length 500 mils
[label_multiple_wires]: Label connects more than one wire at 1447800, 1295400
    ; warning
    @(5700 mils, 5100 mils): Label 'GND'
    @(3700 mils, 5100 mils): Horizontal Wire, length 500 mils
[label_multiple_wires]: Label connects more than one wire at 1447800, 1549400
    ; warning
    @(5700 mils, 6100 mils): Label 'GND'
    @(4200 mils, 6100 mils): Horizontal Wire, length 800 mils
[label_multiple_wires]: Label connects more than one wire at 1447800, 1803400
    ; warning
    @(5700 mils, 7100 mils): Label 'GND'
    @(4200 mils, 7100 mils): Horizontal Wire, length 800 mils

 ** ERC messages: 26  Errors 19  Warnings 7
